E:/04_resource/03_DM02_MOTOR_MIT_N/03_DM02_MOTOR_MIT_N/User_File/2_Device/Motor/Motor_DM/dvc_motor_dm.h:197:7:Class_Motor_DM_Normal::Class_Motor_DM_Normal()	16	static
E:/04_resource/03_DM02_MOTOR_MIT_N/03_DM02_MOTOR_MIT_N/App/balance_app.cpp:68:6:void CAN1_Callback(FDCAN_RxHeaderTypeDef&, uint8_t*)	16	static
E:/04_resource/03_DM02_MOTOR_MIT_N/03_DM02_MOTOR_MIT_N/App/balance_app.cpp:84:13:void BalanceApp_InitRobot()	8	static
E:/04_resource/03_DM02_MOTOR_MIT_N/03_DM02_MOTOR_MIT_N/App/balance_app.cpp:97:13:void BalanceApp_InitImu()	8	static
E:/04_resource/03_DM02_MOTOR_MIT_N/03_DM02_MOTOR_MIT_N/App/balance_app.cpp:108:13:void BalanceApp_InitMotors()	72	static
E:/04_resource/03_DM02_MOTOR_MIT_N/03_DM02_MOTOR_MIT_N/App/balance_app.cpp:132:13:void BalanceApp_RegisterMotors()	8	static
E:/04_resource/03_DM02_MOTOR_MIT_N/03_DM02_MOTOR_MIT_N/App/balance_app.cpp:142:6:void BalanceApp_Init()	8	static
E:/04_resource/03_DM02_MOTOR_MIT_N/03_DM02_MOTOR_MIT_N/App/balance_app.cpp:160:6:void BalanceApp_Enable()	8	static
E:/04_resource/03_DM02_MOTOR_MIT_N/03_DM02_MOTOR_MIT_N/App/balance_app.cpp:174:6:void BalanceApp_Disable()	8	static
E:/04_resource/03_DM02_MOTOR_MIT_N/03_DM02_MOTOR_MIT_N/App/balance_app.cpp:189:13:void vBalanceControlTask(void*)	16	static
E:/04_resource/03_DM02_MOTOR_MIT_N/03_DM02_MOTOR_MIT_N/App/balance_app.cpp:237:13:void vBalanceMotorSendTask(void*)	16	static
E:/04_resource/03_DM02_MOTOR_MIT_N/03_DM02_MOTOR_MIT_N/App/balance_app.cpp:256:13:void vBalanceAliveTask(void*)	16	static
E:/04_resource/03_DM02_MOTOR_MIT_N/03_DM02_MOTOR_MIT_N/App/balance_app.cpp:272:6:void BalanceApp_Task_Create()	24	static
E:/04_resource/03_DM02_MOTOR_MIT_N/03_DM02_MOTOR_MIT_N/App/balance_app.cpp:313:1:void __static_initialization_and_destruction_0()	8	static
E:/04_resource/03_DM02_MOTOR_MIT_N/03_DM02_MOTOR_MIT_N/App/balance_app.cpp:313:1:cpp)	8	static
