E:/04_resource/03_DM02_MOTOR_MIT_N/03_DM02_MOTOR_MIT_N/User_File/2_Device/Motor/Motor_DM/dvc_motor_dm.h:463:14:float Class_Motor_DM_Normal::Get_Angle_Max() const	16	static
E:/04_resource/03_DM02_MOTOR_MIT_N/03_DM02_MOTOR_MIT_N/User_File/2_Device/Motor/Motor_DM/dvc_motor_dm.h:503:29:Enum_Motor_DM_Status Class_Motor_DM_Normal::Get_Status() const	16	static
E:/04_resource/03_DM02_MOTOR_MIT_N/03_DM02_MOTOR_MIT_N/User_File/2_Device/Motor/Motor_DM/dvc_motor_dm.h:523:14:float Class_Motor_DM_Normal::Get_Now_Angle() const	16	static
E:/04_resource/03_DM02_MOTOR_MIT_N/03_DM02_MOTOR_MIT_N/User_File/2_Device/Motor/Motor_DM/dvc_motor_dm.h:643:13:void Class_Motor_DM_Normal::Set_Control_Angle(const float&)	16	static
E:/04_resource/03_DM02_MOTOR_MIT_N/03_DM02_MOTOR_MIT_N/User_File/2_Device/Motor/Motor_DM/dvc_motor_dm.h:653:13:void Class_Motor_DM_Normal::Set_Control_Omega(const float&)	16	static
E:/04_resource/03_DM02_MOTOR_MIT_N/03_DM02_MOTOR_MIT_N/User_File/2_Device/Motor/Motor_DM/dvc_motor_dm.h:663:13:void Class_Motor_DM_Normal::Set_Control_Torque(const float&)	16	static
E:/04_resource/03_DM02_MOTOR_MIT_N/03_DM02_MOTOR_MIT_N/User_File/2_Device/Motor/Motor_DM/dvc_motor_dm.h:683:13:void Class_Motor_DM_Normal::Set_K_P(const float&)	16	static
E:/04_resource/03_DM02_MOTOR_MIT_N/03_DM02_MOTOR_MIT_N/User_File/2_Device/Motor/Motor_DM/dvc_motor_dm.h:693:13:void Class_Motor_DM_Normal::Set_K_D(const float&)	16	static
E:/04_resource/03_DM02_MOTOR_MIT_N/03_DM02_MOTOR_MIT_N/User_File/2_Device/Motor/Motor_DM/dvc_motor_dm.h:197:7:Class_Motor_DM_Normal::Class_Motor_DM_Normal()	16	static
E:/04_resource/03_DM02_MOTOR_MIT_N/03_DM02_MOTOR_MIT_N/App/balance_test.cpp:49:17:void {anonymous}::Balance_Test_Can1_Callback(FDCAN_RxHeaderTypeDef&, uint8_t*)	16	static
E:/04_resource/03_DM02_MOTOR_MIT_N/03_DM02_MOTOR_MIT_N/App/balance_test.cpp:59:17:void {anonymous}::Balance_Test_UartPrint(const char*)	16	static
E:/04_resource/03_DM02_MOTOR_MIT_N/03_DM02_MOTOR_MIT_N/App/balance_test.cpp:72:17:void {anonymous}::Balance_Test_AppendText(char*, size_t, size_t*, const char*)	32	static
E:/04_resource/03_DM02_MOTOR_MIT_N/03_DM02_MOTOR_MIT_N/App/balance_test.cpp:90:17:void {anonymous}::Balance_Test_AppendFloat4(char*, size_t, size_t*, const char*, float)	72	static
E:/04_resource/03_DM02_MOTOR_MIT_N/03_DM02_MOTOR_MIT_N/App/balance_test.cpp:134:17:void {anonymous}::Balance_Test_UnwrapUpdate(BalanceAngleUnwrapLocal*, float, float)	40	static
E:/04_resource/03_DM02_MOTOR_MIT_N/03_DM02_MOTOR_MIT_N/App/balance_test.cpp:166:17:void {anonymous}::Balance_Test_InitOnce()	72	static
E:/04_resource/03_DM02_MOTOR_MIT_N/03_DM02_MOTOR_MIT_N/App/balance_test.cpp:199:17:void {anonymous}::Balance_Test_PeriodicAlive(uint32_t)	16	static
E:/04_resource/03_DM02_MOTOR_MIT_N/03_DM02_MOTOR_MIT_N/App/balance_test.cpp:210:17:void {anonymous}::Balance_Test_PeriodicPrint(uint32_t, float, float, float)	192	static
E:/04_resource/03_DM02_MOTOR_MIT_N/03_DM02_MOTOR_MIT_N/App/balance_test.cpp:246:17:void {anonymous}::Balance_Test_RunStep()	56	static
E:/04_resource/03_DM02_MOTOR_MIT_N/03_DM02_MOTOR_MIT_N/App/balance_test.cpp:296:17:void {anonymous}::vBalanceTestTask(void*)	16	static
E:/04_resource/03_DM02_MOTOR_MIT_N/03_DM02_MOTOR_MIT_N/App/balance_test.cpp:310:17:void Balance_App_Test_Task_Create()	24	static
E:/04_resource/03_DM02_MOTOR_MIT_N/03_DM02_MOTOR_MIT_N/App/balance_test.cpp:330:1:void __static_initialization_and_destruction_0()	8	static
E:/04_resource/03_DM02_MOTOR_MIT_N/03_DM02_MOTOR_MIT_N/App/balance_test.cpp:330:1:cpp)	8	static
