E:/04_resource/03_DM02_MOTOR_MIT_N/03_DM02_MOTOR_MIT_N/User_File/2_Device/Motor/Motor_DM/dvc_motor_dm.h:197:7:Class_Motor_DM_Normal::Class_Motor_DM_Normal()	16	static
E:/04_resource/03_DM02_MOTOR_MIT_N/03_DM02_MOTOR_MIT_N/App/balance_home_test.cpp:49:18:float {anonymous}::Clamp(float, float, float)	24	static
E:/04_resource/03_DM02_MOTOR_MIT_N/03_DM02_MOTOR_MIT_N/App/balance_home_test.cpp:56:10:void {anonymous}::ClearMotorCmd(BalanceMotorCmd*)	16	static
E:/04_resource/03_DM02_MOTOR_MIT_N/03_DM02_MOTOR_MIT_N/App/balance_home_test.cpp:71:10:void {anonymous}::ClearAllMotorCmd(BalanceRobot*)	24	static
E:/04_resource/03_DM02_MOTOR_MIT_N/03_DM02_MOTOR_MIT_N/App/balance_home_test.cpp:89:10:void {anonymous}::ResetHomeState()	4	static
E:/04_resource/03_DM02_MOTOR_MIT_N/03_DM02_MOTOR_MIT_N/App/balance_home_test.cpp:98:10:void {anonymous}::PrintUart7(const char*)	16	static
E:/04_resource/03_DM02_MOTOR_MIT_N/03_DM02_MOTOR_MIT_N/App/balance_home_test.cpp:111:9:int {anonymous}::AppendFloat4(char*, size_t, const char*, float)	64	static
E:/04_resource/03_DM02_MOTOR_MIT_N/03_DM02_MOTOR_MIT_N/App/balance_home_test.cpp:132:18:float {anonymous}::WrapToMotorRange(float)	16	static
E:/04_resource/03_DM02_MOTOR_MIT_N/03_DM02_MOTOR_MIT_N/App/balance_home_test.cpp:139:11:float {anonymous}::ContTargetToRawTarget(const BalanceAngleUnwrap*, float)	24	static
E:/04_resource/03_DM02_MOTOR_MIT_N/03_DM02_MOTOR_MIT_N/App/balance_home_test.cpp:153:11:float {anonymous}::CalcHomeAssistTorque(float)	16	static
E:/04_resource/03_DM02_MOTOR_MIT_N/03_DM02_MOTOR_MIT_N/App/balance_home_test.cpp:163:10:void {anonymous}::UpdateHomeState()	16	static
E:/04_resource/03_DM02_MOTOR_MIT_N/03_DM02_MOTOR_MIT_N/App/balance_home_test.cpp:200:10:void {anonymous}::ApplyHomeCmd(uint8_t, float, float)	32	static
E:/04_resource/03_DM02_MOTOR_MIT_N/03_DM02_MOTOR_MIT_N/App/balance_home_test.cpp:211:10:void {anonymous}::BalanceHomeTest_InitRobot()	8	static
E:/04_resource/03_DM02_MOTOR_MIT_N/03_DM02_MOTOR_MIT_N/App/balance_home_test.cpp:224:10:void {anonymous}::BalanceHomeTest_CAN1_Callback(FDCAN_RxHeaderTypeDef&, uint8_t*)	16	static
E:/04_resource/03_DM02_MOTOR_MIT_N/03_DM02_MOTOR_MIT_N/App/balance_home_test.cpp:241:10:void {anonymous}::BalanceHomeTest_InitMotors()	72	static
E:/04_resource/03_DM02_MOTOR_MIT_N/03_DM02_MOTOR_MIT_N/App/balance_home_test.cpp:256:10:void {anonymous}::BalanceHomeTest_Init()	8	static
E:/04_resource/03_DM02_MOTOR_MIT_N/03_DM02_MOTOR_MIT_N/App/balance_home_test.cpp:268:10:void {anonymous}::BalanceHomeTest_RunController()	8	static
E:/04_resource/03_DM02_MOTOR_MIT_N/03_DM02_MOTOR_MIT_N/App/balance_home_test.cpp:276:10:void {anonymous}::vBalanceHomeTestCtrlTask(void*)	16	static
E:/04_resource/03_DM02_MOTOR_MIT_N/03_DM02_MOTOR_MIT_N/App/balance_home_test.cpp:311:10:void {anonymous}::vBalanceHomeTestSendTask(void*)	16	static
E:/04_resource/03_DM02_MOTOR_MIT_N/03_DM02_MOTOR_MIT_N/App/balance_home_test.cpp:325:10:void {anonymous}::vBalanceHomeTestAliveTask(void*)	16	static
E:/04_resource/03_DM02_MOTOR_MIT_N/03_DM02_MOTOR_MIT_N/App/balance_home_test.cpp:338:10:void {anonymous}::vBalanceHomeTestPrintTask(void*)	176	static
E:/04_resource/03_DM02_MOTOR_MIT_N/03_DM02_MOTOR_MIT_N/App/balance_home_test.cpp:416:6:void BalanceHomeTest_Enable()	8	static
E:/04_resource/03_DM02_MOTOR_MIT_N/03_DM02_MOTOR_MIT_N/App/balance_home_test.cpp:428:6:void BalanceHomeTest_Disable()	8	static
E:/04_resource/03_DM02_MOTOR_MIT_N/03_DM02_MOTOR_MIT_N/App/balance_home_test.cpp:438:6:bool BalanceHomeTest_IsHomeDone()	4	static
E:/04_resource/03_DM02_MOTOR_MIT_N/03_DM02_MOTOR_MIT_N/App/balance_home_test.cpp:443:6:void BalanceHomeTest_Task_Create()	24	static
E:/04_resource/03_DM02_MOTOR_MIT_N/03_DM02_MOTOR_MIT_N/App/balance_home_test.cpp:495:1:void __static_initialization_and_destruction_0()	8	static
E:/04_resource/03_DM02_MOTOR_MIT_N/03_DM02_MOTOR_MIT_N/App/balance_home_test.cpp:495:1:cpp)	8	static
