E:/04_resource/03_DM02_MOTOR_MIT_N/03_DM02_MOTOR_MIT_N/User_File/2_Device/Motor/Motor_DM/dvc_motor_dm.h:197:7:Class_Motor_DM_Normal::Class_Motor_DM_Normal()	16	static
E:/04_resource/03_DM02_MOTOR_MIT_N/03_DM02_MOTOR_MIT_N/App/balance_leg_debug.cpp:59:21:float Clamp(float, float, float)	24	static
E:/04_resource/03_DM02_MOTOR_MIT_N/03_DM02_MOTOR_MIT_N/App/balance_leg_debug.cpp:66:13:void ClearMotorCmd(BalanceMotorCmd*)	16	static
E:/04_resource/03_DM02_MOTOR_MIT_N/03_DM02_MOTOR_MIT_N/App/balance_leg_debug.cpp:81:13:void ClearAllMotorCmd(BalanceRobot*)	24	static
E:/04_resource/03_DM02_MOTOR_MIT_N/03_DM02_MOTOR_MIT_N/App/balance_leg_debug.cpp:99:13:void BalanceLegDebug_PrintUart7(const char*)	16	static
E:/04_resource/03_DM02_MOTOR_MIT_N/03_DM02_MOTOR_MIT_N/App/balance_leg_debug.cpp:112:12:int BalanceLegDebug_AppendFloat4(char*, size_t, const char*, float)	64	static
E:/04_resource/03_DM02_MOTOR_MIT_N/03_DM02_MOTOR_MIT_N/App/balance_leg_debug.cpp:147:13:void BalanceLegDebug_InitRobot()	8	static
E:/04_resource/03_DM02_MOTOR_MIT_N/03_DM02_MOTOR_MIT_N/App/balance_leg_debug.cpp:159:13:void BalanceLegDebug_CAN1_Callback(FDCAN_RxHeaderTypeDef&, uint8_t*)	16	static
E:/04_resource/03_DM02_MOTOR_MIT_N/03_DM02_MOTOR_MIT_N/App/balance_leg_debug.cpp:172:13:void BalanceLegDebug_InitMotors()	72	static
E:/04_resource/03_DM02_MOTOR_MIT_N/03_DM02_MOTOR_MIT_N/App/balance_leg_debug.cpp:199:13:void BalanceLegDebug_Init()	8	static
E:/04_resource/03_DM02_MOTOR_MIT_N/03_DM02_MOTOR_MIT_N/App/balance_leg_debug.cpp:215:6:void BalanceLegDebug_Enable()	8	static
E:/04_resource/03_DM02_MOTOR_MIT_N/03_DM02_MOTOR_MIT_N/App/balance_leg_debug.cpp:230:6:void BalanceLegDebug_Disable()	8	static
E:/04_resource/03_DM02_MOTOR_MIT_N/03_DM02_MOTOR_MIT_N/App/balance_leg_debug.cpp:242:6:void BalanceLegDebug_SetTargetLength(float)	16	static
E:/04_resource/03_DM02_MOTOR_MIT_N/03_DM02_MOTOR_MIT_N/App/balance_leg_debug.cpp:249:6:void BalanceLegDebug_SetGains(float, float)	16	static
E:/04_resource/03_DM02_MOTOR_MIT_N/03_DM02_MOTOR_MIT_N/App/balance_leg_debug.cpp:259:13:void BalanceLegDebug_RunController()	48	static
E:/04_resource/03_DM02_MOTOR_MIT_N/03_DM02_MOTOR_MIT_N/App/balance_leg_debug.cpp:312:13:void vBalanceLegDebugCtrlTask(void*)	56	static
E:/04_resource/03_DM02_MOTOR_MIT_N/03_DM02_MOTOR_MIT_N/App/balance_leg_debug.cpp:376:13:void vBalanceLegDebugSendTask(void*)	16	static
E:/04_resource/03_DM02_MOTOR_MIT_N/03_DM02_MOTOR_MIT_N/App/balance_leg_debug.cpp:394:13:void vBalanceLegDebugAliveTask(void*)	16	static
E:/04_resource/03_DM02_MOTOR_MIT_N/03_DM02_MOTOR_MIT_N/App/balance_leg_debug.cpp:410:13:void vBalanceLegDebugPrintTask(void*)	192	static
E:/04_resource/03_DM02_MOTOR_MIT_N/03_DM02_MOTOR_MIT_N/App/balance_leg_debug.cpp:562:6:void BalanceLegDebug_Task_Create()	24	static
E:/04_resource/03_DM02_MOTOR_MIT_N/03_DM02_MOTOR_MIT_N/App/balance_leg_debug.cpp:614:1:void __static_initialization_and_destruction_0()	8	static
E:/04_resource/03_DM02_MOTOR_MIT_N/03_DM02_MOTOR_MIT_N/App/balance_leg_debug.cpp:614:1:cpp)	8	static
