E:/04_resource/03_DM02_MOTOR_MIT_N/03_DM02_MOTOR_MIT_N/User_File/2_Device/Motor/Motor_DM/dvc_motor_dm.h:197:7:Class_Motor_DM_Normal::Class_Motor_DM_Normal()	16	static
E:/04_resource/03_DM02_MOTOR_MIT_N/03_DM02_MOTOR_MIT_N/App/balance_home_test.cpp:48:18:float {anonymous}::Clamp(float, float, float)	24	static
E:/04_resource/03_DM02_MOTOR_MIT_N/03_DM02_MOTOR_MIT_N/App/balance_home_test.cpp:55:10:void {anonymous}::ClearMotorCmd(BalanceMotorCmd*)	16	static
E:/04_resource/03_DM02_MOTOR_MIT_N/03_DM02_MOTOR_MIT_N/App/balance_home_test.cpp:70:10:void {anonymous}::ClearAllMotorCmd(BalanceRobot*)	24	static
E:/04_resource/03_DM02_MOTOR_MIT_N/03_DM02_MOTOR_MIT_N/App/balance_home_test.cpp:88:10:void {anonymous}::ResetHomeState()	4	static
E:/04_resource/03_DM02_MOTOR_MIT_N/03_DM02_MOTOR_MIT_N/App/balance_home_test.cpp:97:11:float {anonymous}::CalcHomeAssistTorque(float)	16	static
E:/04_resource/03_DM02_MOTOR_MIT_N/03_DM02_MOTOR_MIT_N/App/balance_home_test.cpp:102:10:void {anonymous}::UpdateHomeState()	32	static
E:/04_resource/03_DM02_MOTOR_MIT_N/03_DM02_MOTOR_MIT_N/App/balance_home_test.cpp:140:18:float {anonymous}::WrapToMotorRange(float)	16	static
E:/04_resource/03_DM02_MOTOR_MIT_N/03_DM02_MOTOR_MIT_N/App/balance_home_test.cpp:147:11:float {anonymous}::ContTargetToRawTarget(const BalanceAngleUnwrap*, float)	24	static
E:/04_resource/03_DM02_MOTOR_MIT_N/03_DM02_MOTOR_MIT_N/App/balance_home_test.cpp:161:10:void {anonymous}::ApplyHomeCmd(uint8_t, float, float)	32	static
E:/04_resource/03_DM02_MOTOR_MIT_N/03_DM02_MOTOR_MIT_N/App/balance_home_test.cpp:172:10:void {anonymous}::BalanceHomeTest_InitRobot()	8	static
E:/04_resource/03_DM02_MOTOR_MIT_N/03_DM02_MOTOR_MIT_N/App/balance_home_test.cpp:185:10:void {anonymous}::BalanceHomeTest_CAN1_Callback(FDCAN_RxHeaderTypeDef&, uint8_t*)	16	static
E:/04_resource/03_DM02_MOTOR_MIT_N/03_DM02_MOTOR_MIT_N/App/balance_home_test.cpp:202:10:void {anonymous}::BalanceHomeTest_InitMotors()	72	static
E:/04_resource/03_DM02_MOTOR_MIT_N/03_DM02_MOTOR_MIT_N/App/balance_home_test.cpp:219:10:void {anonymous}::BalanceHomeTest_Init()	8	static
E:/04_resource/03_DM02_MOTOR_MIT_N/03_DM02_MOTOR_MIT_N/App/balance_home_test.cpp:231:10:void {anonymous}::BalanceHomeTest_RunController()	8	static
E:/04_resource/03_DM02_MOTOR_MIT_N/03_DM02_MOTOR_MIT_N/App/balance_home_test.cpp:239:10:void {anonymous}::vBalanceHomeTestCtrlTask(void*)	16	static
E:/04_resource/03_DM02_MOTOR_MIT_N/03_DM02_MOTOR_MIT_N/App/balance_home_test.cpp:275:10:void {anonymous}::vBalanceHomeTestSendTask(void*)	16	static
E:/04_resource/03_DM02_MOTOR_MIT_N/03_DM02_MOTOR_MIT_N/App/balance_home_test.cpp:289:10:void {anonymous}::vBalanceHomeTestAliveTask(void*)	16	static
E:/04_resource/03_DM02_MOTOR_MIT_N/03_DM02_MOTOR_MIT_N/App/balance_home_test.cpp:302:10:void {anonymous}::vBalanceHomeTestPrintTask(void*)	24	static
E:/04_resource/03_DM02_MOTOR_MIT_N/03_DM02_MOTOR_MIT_N/App/balance_home_test.cpp:331:6:void BalanceHomeTest_Enable()	8	static
E:/04_resource/03_DM02_MOTOR_MIT_N/03_DM02_MOTOR_MIT_N/App/balance_home_test.cpp:343:6:void BalanceHomeTest_Disable()	8	static
E:/04_resource/03_DM02_MOTOR_MIT_N/03_DM02_MOTOR_MIT_N/App/balance_home_test.cpp:353:6:bool BalanceHomeTest_IsHomeDone()	4	static
E:/04_resource/03_DM02_MOTOR_MIT_N/03_DM02_MOTOR_MIT_N/App/balance_home_test.cpp:358:6:void BalanceHomeTest_Task_Create()	24	static
E:/04_resource/03_DM02_MOTOR_MIT_N/03_DM02_MOTOR_MIT_N/App/balance_home_test.cpp:410:1:void __static_initialization_and_destruction_0()	8	static
E:/04_resource/03_DM02_MOTOR_MIT_N/03_DM02_MOTOR_MIT_N/App/balance_home_test.cpp:410:1:cpp)	8	static
