E:/04_resource/03_DM02_MOTOR_MIT_N/03_DM02_MOTOR_MIT_N/User_File/1_Middleware/System/Timestamp/sys_timestamp.h:259:17:uint64_t Class_Timestamp::Get_Current_Timestamp() const	16	static
E:/04_resource/03_DM02_MOTOR_MIT_N/03_DM02_MOTOR_MIT_N/User_File/1_Middleware/System/Timestamp/sys_timestamp.h:44:7:Class_Timestamp::Class_Timestamp()	16	static
E:/04_resource/03_DM02_MOTOR_MIT_N/03_DM02_MOTOR_MIT_N/User_File/1_Middleware/System/Timestamp/sys_timestamp.cpp:29:17:void SysTimestamp_Init(TIM_HandleTypeDef*)	16	static
E:/04_resource/03_DM02_MOTOR_MIT_N/03_DM02_MOTOR_MIT_N/User_File/1_Middleware/System/Timestamp/sys_timestamp.cpp:34:17:void SysTimestamp_TIM_3600s_PeriodElapsedCallback()	8	static
E:/04_resource/03_DM02_MOTOR_MIT_N/03_DM02_MOTOR_MIT_N/User_File/1_Middleware/System/Timestamp/sys_timestamp.cpp:48:6:void Class_Timestamp::Init(TIM_HandleTypeDef*)	16	static
E:/04_resource/03_DM02_MOTOR_MIT_N/03_DM02_MOTOR_MIT_N/User_File/1_Middleware/System/Timestamp/sys_timestamp.cpp:57:6:void Class_Timestamp::TIM_3600s_PeriodElapsedCallback()	16	static
E:/04_resource/03_DM02_MOTOR_MIT_N/03_DM02_MOTOR_MIT_N/User_File/1_Middleware/System/Timestamp/sys_timestamp.cpp:67:10:uint64_t Class_Timestamp::Calculate_Timestamp() const	56	static
E:/04_resource/03_DM02_MOTOR_MIT_N/03_DM02_MOTOR_MIT_N/User_File/1_Middleware/System/Timestamp/sys_timestamp.cpp:84:6:void Namespace_SYS_Timestamp::Delay_Second(const uint32_t&)	72	static
E:/04_resource/03_DM02_MOTOR_MIT_N/03_DM02_MOTOR_MIT_N/User_File/1_Middleware/System/Timestamp/sys_timestamp.cpp:98:6:void Namespace_SYS_Timestamp::Delay_Millisecond(const uint32_t&)	64	static
E:/04_resource/03_DM02_MOTOR_MIT_N/03_DM02_MOTOR_MIT_N/User_File/1_Middleware/System/Timestamp/sys_timestamp.cpp:112:6:void Namespace_SYS_Timestamp::Delay_Microsecond(const uint32_t&)	40	static
E:/04_resource/03_DM02_MOTOR_MIT_N/03_DM02_MOTOR_MIT_N/User_File/1_Middleware/System/Timestamp/sys_timestamp.cpp:119:1:void __static_initialization_and_destruction_0()	8	static
E:/04_resource/03_DM02_MOTOR_MIT_N/03_DM02_MOTOR_MIT_N/User_File/1_Middleware/System/Timestamp/sys_timestamp.cpp:119:1:cpp)	8	static
