E:/04_resource/03_DM02_MOTOR_MIT_N/03_DM02_MOTOR_MIT_N/User_File/2_Device/BSP/Buzzer/bsp_buzzer.h:162:7:Class_Buzzer::Class_Buzzer()	16	static
E:/04_resource/03_DM02_MOTOR_MIT_N/03_DM02_MOTOR_MIT_N/User_File/2_Device/BSP/Buzzer/bsp_buzzer.cpp:168:6:void Class_Buzzer::Init(const float&, const float&)	32	static
E:/04_resource/03_DM02_MOTOR_MIT_N/03_DM02_MOTOR_MIT_N/User_File/1_Middleware/Algorithm/Basic/alg_basic.h:70:6:Type Basic_Math_Constrain(Type, Type, Type) [with Type = float]	24	static
E:/04_resource/03_DM02_MOTOR_MIT_N/03_DM02_MOTOR_MIT_N/User_File/2_Device/BSP/Buzzer/bsp_buzzer.cpp:183:1:void __static_initialization_and_destruction_0()	8	static
E:/04_resource/03_DM02_MOTOR_MIT_N/03_DM02_MOTOR_MIT_N/User_File/2_Device/BSP/Buzzer/bsp_buzzer.cpp:183:1:cpp)	8	static
