E:/04_resource/03_DM02_MOTOR_MIT_N/03_DM02_MOTOR_MIT_N/User_File/2_Device/Motor/Motor_DM/dvc_motor_dm.h:503:29:Enum_Motor_DM_Status Class_Motor_DM_Normal::Get_Status() const	16	static
E:/04_resource/03_DM02_MOTOR_MIT_N/03_DM02_MOTOR_MIT_N/User_File/2_Device/Motor/Motor_DM/dvc_motor_dm.h:523:14:float Class_Motor_DM_Normal::Get_Now_Angle() const	16	static
E:/04_resource/03_DM02_MOTOR_MIT_N/03_DM02_MOTOR_MIT_N/User_File/2_Device/Motor/Motor_DM/dvc_motor_dm.h:533:14:float Class_Motor_DM_Normal::Get_Now_Omega() const	16	static
E:/04_resource/03_DM02_MOTOR_MIT_N/03_DM02_MOTOR_MIT_N/User_File/2_Device/Motor/Motor_DM/dvc_motor_dm.h:543:14:float Class_Motor_DM_Normal::Get_Now_Torque() const	16	static
E:/04_resource/03_DM02_MOTOR_MIT_N/03_DM02_MOTOR_MIT_N/User_File/2_Device/Motor/Motor_DM/dvc_motor_dm.h:643:13:void Class_Motor_DM_Normal::Set_Control_Angle(const float&)	16	static
E:/04_resource/03_DM02_MOTOR_MIT_N/03_DM02_MOTOR_MIT_N/User_File/2_Device/Motor/Motor_DM/dvc_motor_dm.h:653:13:void Class_Motor_DM_Normal::Set_Control_Omega(const float&)	16	static
E:/04_resource/03_DM02_MOTOR_MIT_N/03_DM02_MOTOR_MIT_N/User_File/2_Device/Motor/Motor_DM/dvc_motor_dm.h:663:13:void Class_Motor_DM_Normal::Set_Control_Torque(const float&)	16	static
E:/04_resource/03_DM02_MOTOR_MIT_N/03_DM02_MOTOR_MIT_N/User_File/2_Device/Motor/Motor_DM/dvc_motor_dm.h:683:13:void Class_Motor_DM_Normal::Set_K_P(const float&)	16	static
E:/04_resource/03_DM02_MOTOR_MIT_N/03_DM02_MOTOR_MIT_N/User_File/2_Device/Motor/Motor_DM/dvc_motor_dm.h:693:13:void Class_Motor_DM_Normal::Set_K_D(const float&)	16	static
E:/04_resource/03_DM02_MOTOR_MIT_N/03_DM02_MOTOR_MIT_N/User_File/2_Device/Motor/Motor_DM/dvc_motor_dm.h:197:7:Class_Motor_DM_Normal::Class_Motor_DM_Normal()	16	static
E:/04_resource/03_DM02_MOTOR_MIT_N/03_DM02_MOTOR_MIT_N/User_File/4_Task/balance_test_task.cpp:38:6:void HAL_FDCAN_ErrorCallback(FDCAN_HandleTypeDef*)	16	static
E:/04_resource/03_DM02_MOTOR_MIT_N/03_DM02_MOTOR_MIT_N/User_File/4_Task/balance_test_task.cpp:47:21:float Balance_Test_Clamp(float, float, float)	24	static
E:/04_resource/03_DM02_MOTOR_MIT_N/03_DM02_MOTOR_MIT_N/User_File/4_Task/balance_test_task.cpp:54:13:void Balance_Test_CAN1_Callback(FDCAN_RxHeaderTypeDef&, uint8_t*)	16	static
E:/04_resource/03_DM02_MOTOR_MIT_N/03_DM02_MOTOR_MIT_N/User_File/4_Task/balance_test_task.cpp:68:6:void Balance_Test_Motor_Init()	72	static
E:/04_resource/03_DM02_MOTOR_MIT_N/03_DM02_MOTOR_MIT_N/User_File/4_Task/balance_test_task.cpp:115:13:void Balance_Test_Motor_Apply()	48	static
E:/04_resource/03_DM02_MOTOR_MIT_N/03_DM02_MOTOR_MIT_N/User_File/4_Task/balance_test_task.cpp:146:6:void Balance_Test_Motor_Start(float)	16	static
E:/04_resource/03_DM02_MOTOR_MIT_N/03_DM02_MOTOR_MIT_N/User_File/4_Task/balance_test_task.cpp:162:6:void Balance_Test_Motor_Stop()	32	static
E:/04_resource/03_DM02_MOTOR_MIT_N/03_DM02_MOTOR_MIT_N/User_File/4_Task/balance_test_task.cpp:179:6:void Balance_Test_Motor_SetVelocity(float)	16	static
E:/04_resource/03_DM02_MOTOR_MIT_N/03_DM02_MOTOR_MIT_N/User_File/4_Task/balance_test_task.cpp:188:13:void vBalanceTestTask(void*)	40	static
E:/04_resource/03_DM02_MOTOR_MIT_N/03_DM02_MOTOR_MIT_N/User_File/4_Task/balance_test_task.cpp:248:6:void Balance_Test_Task_Create()	24	static
E:/04_resource/03_DM02_MOTOR_MIT_N/03_DM02_MOTOR_MIT_N/User_File/4_Task/balance_test_task.cpp:266:1:void __static_initialization_and_destruction_0()	8	static
E:/04_resource/03_DM02_MOTOR_MIT_N/03_DM02_MOTOR_MIT_N/User_File/4_Task/balance_test_task.cpp:266:1:cpp)	8	static
