E:/04_resource/03_DM02_MOTOR_MIT_N/03_DM02_MOTOR_MIT_N/User_File/2_Device/BSP/Power/bsp_power.h:29:7:Class_Power::Class_Power()	16	static
E:/04_resource/03_DM02_MOTOR_MIT_N/03_DM02_MOTOR_MIT_N/User_File/2_Device/BSP/Power/bsp_power.cpp:35:6:void Class_Power::Init(const bool&, const bool&, const bool&)	24	static
E:/04_resource/03_DM02_MOTOR_MIT_N/03_DM02_MOTOR_MIT_N/User_File/2_Device/BSP/Power/bsp_power.cpp:42:1:void __static_initialization_and_destruction_0()	8	static
E:/04_resource/03_DM02_MOTOR_MIT_N/03_DM02_MOTOR_MIT_N/User_File/2_Device/BSP/Power/bsp_power.cpp:42:1:cpp)	8	static
