D:\MySTM32CubeCLT\STM32CubeCLT_1.18.0\GNU-tools-for-STM32\bin\../lib/gcc/arm-none-eabi/13.3.1/../../../../arm-none-eabi/include/c++/13.3.1/cmath:234:3:constexpr float std::fabs(float)	16	static
E:/04_resource/03_DM02_MOTOR_MIT_N/03_DM02_MOTOR_MIT_N/User_File/1_Middleware/System/Timestamp/sys_timestamp.h:289:17:uint64_t Class_Timestamp::Get_Now_Microsecond() const	16	static
E:/04_resource/03_DM02_MOTOR_MIT_N/03_DM02_MOTOR_MIT_N/User_File/2_Device/BSP/BMI088/Accel/bsp_bmi088_accel.h:182:13:bool Class_BMI088_Accel::Get_Valid_Flag() const	16	static
E:/04_resource/03_DM02_MOTOR_MIT_N/03_DM02_MOTOR_MIT_N/User_File/2_Device/BSP/BMI088/Accel/bsp_bmi088_accel.h:192:31:Class_Matrix_f32<3, 1> Class_BMI088_Accel::Get_Raw_Accel() const	16	static
E:/04_resource/03_DM02_MOTOR_MIT_N/03_DM02_MOTOR_MIT_N/User_File/2_Device/BSP/BMI088/Accel/bsp_bmi088_accel.h:202:14:float Class_BMI088_Accel::Get_Heater_Enable() const	16	static
E:/04_resource/03_DM02_MOTOR_MIT_N/03_DM02_MOTOR_MIT_N/User_File/2_Device/BSP/BMI088/Gyro/bsp_bmi088_gyro.h:126:13:bool Class_BMI088_Gyro::Get_Valid_Flag() const	16	static
E:/04_resource/03_DM02_MOTOR_MIT_N/03_DM02_MOTOR_MIT_N/User_File/2_Device/BSP/BMI088/Gyro/bsp_bmi088_gyro.h:136:31:Class_Matrix_f32<3, 1> Class_BMI088_Gyro::Get_Raw_Gyro() const	16	static
E:/04_resource/03_DM02_MOTOR_MIT_N/03_DM02_MOTOR_MIT_N/User_File/1_Middleware/Algorithm/Quaternion/alg_quaternion.h:33:5:Class_Quaternion_f32::Class_Quaternion_f32(float, float, float, float)	32	static
E:/04_resource/03_DM02_MOTOR_MIT_N/03_DM02_MOTOR_MIT_N/User_File/1_Middleware/Algorithm/Quaternion/alg_quaternion.h:342:31:Class_Matrix_f32<3, 1> Class_Quaternion_f32::Get_Euler_Angle() const	72	static
E:/04_resource/03_DM02_MOTOR_MIT_N/03_DM02_MOTOR_MIT_N/User_File/1_Middleware/Algorithm/Quaternion/alg_quaternion.h:408:31:Class_Matrix_f32<3, 3> Class_Quaternion_f32::Get_Rotation_Matrix() const	160	static
E:/04_resource/03_DM02_MOTOR_MIT_N/03_DM02_MOTOR_MIT_N/User_File/1_Middleware/Algorithm/Quaternion/alg_quaternion.h:448:31:Class_Matrix_f32<4, 1> Class_Quaternion_f32::Get_Axis_Angle() const	88	static
E:/04_resource/03_DM02_MOTOR_MIT_N/03_DM02_MOTOR_MIT_N/User_File/1_Middleware/Algorithm/PID/alg_pid.h:37:7:Class_PID::Class_PID()	16	static
E:/04_resource/03_DM02_MOTOR_MIT_N/03_DM02_MOTOR_MIT_N/User_File/2_Device/BSP/BMI088/Accel/bsp_bmi088_accel.h:44:7:Class_BMI088_Accel::Class_BMI088_Accel()	16	static
E:/04_resource/03_DM02_MOTOR_MIT_N/03_DM02_MOTOR_MIT_N/User_File/2_Device/BSP/BMI088/Gyro/bsp_bmi088_gyro.h:43:7:Class_BMI088_Gyro::Class_BMI088_Gyro()	16	static
E:/04_resource/03_DM02_MOTOR_MIT_N/03_DM02_MOTOR_MIT_N/User_File/1_Middleware/Algorithm/Filter/EKF/alg_filter_ekf.h:38:7:Class_Filter_EKF<4, 3, 3>::Class_Filter_EKF()	16	static
E:/04_resource/03_DM02_MOTOR_MIT_N/03_DM02_MOTOR_MIT_N/User_File/2_Device/BSP/BMI088/bsp_bmi088.h:30:7:Class_BMI088::Class_BMI088()	24	static
E:/04_resource/03_DM02_MOTOR_MIT_N/03_DM02_MOTOR_MIT_N/User_File/2_Device/BSP/BMI088/bsp_bmi088.cpp:32:6:void Class_BMI088::Init()	24	static
E:/04_resource/03_DM02_MOTOR_MIT_N/03_DM02_MOTOR_MIT_N/User_File/2_Device/BSP/BMI088/bsp_bmi088.cpp:49:6:void Class_BMI088::SPI_RxCpltCallback()	16	static
E:/04_resource/03_DM02_MOTOR_MIT_N/03_DM02_MOTOR_MIT_N/User_File/2_Device/BSP/BMI088/bsp_bmi088.cpp:87:6:void Class_BMI088::EXTI_Flag_Callback(uint16_t)	16	static
E:/04_resource/03_DM02_MOTOR_MIT_N/03_DM02_MOTOR_MIT_N/User_File/2_Device/BSP/BMI088/bsp_bmi088.cpp:105:6:void Class_BMI088::TIM_128ms_Calculate_PeriodElapsedCallback()	16	static
E:/04_resource/03_DM02_MOTOR_MIT_N/03_DM02_MOTOR_MIT_N/User_File/2_Device/BSP/BMI088/bsp_bmi088.cpp:115:6:void Class_BMI088::TIM_125us_Calculate_PeriodElapsedCallback()	736	static
E:/04_resource/03_DM02_MOTOR_MIT_N/03_DM02_MOTOR_MIT_N/User_File/2_Device/BSP/BMI088/bsp_bmi088.cpp:249:6:void Class_BMI088::TIM_10us_Calculate_PeriodElapsedCallback()	40	static
E:/04_resource/03_DM02_MOTOR_MIT_N/03_DM02_MOTOR_MIT_N/User_File/2_Device/BSP/BMI088/bsp_bmi088.cpp:318:24:static Class_Matrix_f32<4, 1> Class_BMI088::EKF_Function_F(const Class_Matrix_f32<4, 1>&, const Class_Matrix_f32<3, 1>&, const float&)	320	static
E:/04_resource/03_DM02_MOTOR_MIT_N/03_DM02_MOTOR_MIT_N/User_File/2_Device/BSP/BMI088/bsp_bmi088.cpp:352:24:static Class_Matrix_f32<4, 4> Class_BMI088::EKF_Function_Jacobian_F_X(const Class_Matrix_f32<4, 1>&, const Class_Matrix_f32<3, 1>&, const float&)	408	static
E:/04_resource/03_DM02_MOTOR_MIT_N/03_DM02_MOTOR_MIT_N/User_File/2_Device/BSP/BMI088/bsp_bmi088.cpp:385:24:static Class_Matrix_f32<4, 3> Class_BMI088::EKF_Function_Jacobian_F_W(const Class_Matrix_f32<4, 1>&, const Class_Matrix_f32<3, 1>&, const float&)	240	static
E:/04_resource/03_DM02_MOTOR_MIT_N/03_DM02_MOTOR_MIT_N/User_File/2_Device/BSP/BMI088/bsp_bmi088.cpp:414:24:static Class_Matrix_f32<3, 1> Class_BMI088::EKF_Function_H(const Class_Matrix_f32<4, 1>&, const float&)	112	static
E:/04_resource/03_DM02_MOTOR_MIT_N/03_DM02_MOTOR_MIT_N/User_File/2_Device/BSP/BMI088/bsp_bmi088.cpp:430:24:static Class_Matrix_f32<3, 4> Class_BMI088::EKF_Function_Jacobian_H_X(const Class_Matrix_f32<4, 1>&, const float&)	128	static
E:/04_resource/03_DM02_MOTOR_MIT_N/03_DM02_MOTOR_MIT_N/User_File/2_Device/BSP/BMI088/bsp_bmi088.cpp:457:24:static Class_Matrix_f32<3, 3> Class_BMI088::EKF_Function_Jacobian_H_V(const Class_Matrix_f32<4, 1>&, const float&)	24	static
E:/04_resource/03_DM02_MOTOR_MIT_N/03_DM02_MOTOR_MIT_N/User_File/2_Device/BSP/BMI088/bsp_bmi088.cpp:466:6:void Class_BMI088::Accel_Chi_Square_Calculate()	432	static
E:/04_resource/03_DM02_MOTOR_MIT_N/03_DM02_MOTOR_MIT_N/User_File/1_Middleware/Algorithm/Matrix/alg_matrix.h:51:5:Class_Matrix_f32<row, column>::Class_Matrix_f32(const Class_Matrix_f32<row, column>&) [with int row = 3; int column = 1]	16	static
E:/04_resource/03_DM02_MOTOR_MIT_N/03_DM02_MOTOR_MIT_N/User_File/1_Middleware/Algorithm/Matrix/alg_matrix.h:37:5:Class_Matrix_f32<row, column>::Class_Matrix_f32() [with int row = 4; int column = 1]	24	static
E:/04_resource/03_DM02_MOTOR_MIT_N/03_DM02_MOTOR_MIT_N/User_File/1_Middleware/Algorithm/Matrix/alg_matrix.h:82:19:float* Class_Matrix_f32<row, column>::operator[](const int&) [with int row = 4; int column = 1]	16	static
E:/04_resource/03_DM02_MOTOR_MIT_N/03_DM02_MOTOR_MIT_N/User_File/1_Middleware/Algorithm/Matrix/alg_matrix.h:45:5:Class_Matrix_f32<row, column>::Class_Matrix_f32(const float*) [with int row = 3; int column = 1]	16	static
E:/04_resource/03_DM02_MOTOR_MIT_N/03_DM02_MOTOR_MIT_N/User_File/1_Middleware/Algorithm/Matrix/alg_matrix.h:37:5:Class_Matrix_f32<row, column>::Class_Matrix_f32() [with int row = 3; int column = 1]	24	static
E:/04_resource/03_DM02_MOTOR_MIT_N/03_DM02_MOTOR_MIT_N/User_File/1_Middleware/Algorithm/Matrix/alg_matrix.h:57:5:Class_Matrix_f32<row, column>::Class_Matrix_f32(Class_Matrix_f32<row, column>&&) [with int row = 3; int column = 1]	16	static
E:/04_resource/03_DM02_MOTOR_MIT_N/03_DM02_MOTOR_MIT_N/User_File/1_Middleware/Algorithm/Matrix/alg_matrix.h:82:19:float* Class_Matrix_f32<row, column>::operator[](const int&) [with int row = 3; int column = 1]	16	static
E:/04_resource/03_DM02_MOTOR_MIT_N/03_DM02_MOTOR_MIT_N/User_File/1_Middleware/Algorithm/Matrix/alg_matrix.h:37:5:Class_Matrix_f32<row, column>::Class_Matrix_f32() [with int row = 4; int column = 4]	24	static
E:/04_resource/03_DM02_MOTOR_MIT_N/03_DM02_MOTOR_MIT_N/User_File/1_Middleware/Algorithm/Matrix/alg_matrix.h:82:19:float* Class_Matrix_f32<row, column>::operator[](const int&) [with int row = 4; int column = 4]	16	static
E:/04_resource/03_DM02_MOTOR_MIT_N/03_DM02_MOTOR_MIT_N/User_File/1_Middleware/Algorithm/Matrix/alg_matrix.h:37:5:Class_Matrix_f32<row, column>::Class_Matrix_f32() [with int row = 3; int column = 3]	24	static
E:/04_resource/03_DM02_MOTOR_MIT_N/03_DM02_MOTOR_MIT_N/User_File/1_Middleware/Algorithm/Matrix/alg_matrix.h:692:31:Class_Matrix_f32<row, column> Namespace_ALG_Matrix::Identity() [with int row = 3; int column = 3]	24	static
E:/04_resource/03_DM02_MOTOR_MIT_N/03_DM02_MOTOR_MIT_N/User_File/1_Middleware/Algorithm/Matrix/alg_matrix.h:82:19:float* Class_Matrix_f32<row, column>::operator[](const int&) [with int row = 3; int column = 3]	16	static
E:/04_resource/03_DM02_MOTOR_MIT_N/03_DM02_MOTOR_MIT_N/User_File/1_Middleware/Algorithm/Matrix/alg_matrix.h:57:5:Class_Matrix_f32<row, column>::Class_Matrix_f32(Class_Matrix_f32<row, column>&&) [with int row = 3; int column = 3]	16	static
E:/04_resource/03_DM02_MOTOR_MIT_N/03_DM02_MOTOR_MIT_N/User_File/1_Middleware/Algorithm/Matrix/alg_matrix.h:692:31:Class_Matrix_f32<row, column> Namespace_ALG_Matrix::Identity() [with int row = 4; int column = 4]	24	static
E:/04_resource/03_DM02_MOTOR_MIT_N/03_DM02_MOTOR_MIT_N/User_File/1_Middleware/Algorithm/Matrix/alg_matrix.h:678:31:Class_Matrix_f32<row, column> Namespace_ALG_Matrix::Zero() [with int row = 4; int column = 4]	16	static
E:/04_resource/03_DM02_MOTOR_MIT_N/03_DM02_MOTOR_MIT_N/User_File/1_Middleware/Algorithm/Matrix/alg_matrix.h:37:5:Class_Matrix_f32<row, column>::Class_Matrix_f32() [with int row = 4; int column = 3]	24	static
E:/04_resource/03_DM02_MOTOR_MIT_N/03_DM02_MOTOR_MIT_N/User_File/1_Middleware/Algorithm/Matrix/alg_matrix.h:76:36:Class_Matrix_f32<row, column>& Class_Matrix_f32<row, column>::operator=(Class_Matrix_f32<row, column>&&) [with int row = 3; int column = 1]	16	static
E:/04_resource/03_DM02_MOTOR_MIT_N/03_DM02_MOTOR_MIT_N/User_File/1_Middleware/Algorithm/Matrix/alg_matrix.h:66:36:Class_Matrix_f32<row, column>& Class_Matrix_f32<row, column>::operator=(const Class_Matrix_f32<row, column>&) [with int row = 3; int column = 1]	16	static
E:/04_resource/03_DM02_MOTOR_MIT_N/03_DM02_MOTOR_MIT_N/User_File/1_Middleware/Algorithm/Matrix/alg_matrix.h:45:5:Class_Matrix_f32<row, column>::Class_Matrix_f32(const float*) [with int row = 3; int column = 3]	16	static
E:/04_resource/03_DM02_MOTOR_MIT_N/03_DM02_MOTOR_MIT_N/User_File/1_Middleware/Algorithm/Matrix/alg_matrix.h:168:39:Class_Matrix_f32<row, tmp> Class_Matrix_f32<row, column>::operator*(const Class_Matrix_f32<column, tmp>&) [with int tmp = 1; int row = 3; int column = 3]	48	static
E:/04_resource/03_DM02_MOTOR_MIT_N/03_DM02_MOTOR_MIT_N/User_File/1_Middleware/Algorithm/Matrix/alg_matrix.h:187:42:Class_Matrix_f32<row, column> Class_Matrix_f32<row, column>::operator/(const float&) const [with int row = 3; int column = 1]	40	static
E:/04_resource/03_DM02_MOTOR_MIT_N/03_DM02_MOTOR_MIT_N/User_File/1_Middleware/Algorithm/Matrix/alg_matrix.h:107:42:Class_Matrix_f32<row, column> Class_Matrix_f32<row, column>::operator+(const Class_Matrix_f32<row, column>&) const [with int row = 3; int column = 1]	32	static
E:/04_resource/03_DM02_MOTOR_MIT_N/03_DM02_MOTOR_MIT_N/User_File/1_Middleware/Algorithm/Matrix/alg_matrix.h:147:42:Class_Matrix_f32<row, column> Class_Matrix_f32<row, column>::operator*(const float&) const [with int row = 3; int column = 1]	32	static
E:/04_resource/03_DM02_MOTOR_MIT_N/03_DM02_MOTOR_MIT_N/User_File/1_Middleware/Algorithm/Matrix/alg_matrix.h:611:72:std::enable_if_t<(tmp_column == 1), Class_Matrix_f32<tmp_row, 1> > Class_Matrix_f32<row, column>::Get_Normalization() const [with int tmp_row = 3; int tmp_column = 1; int row = 3; int column = 1]	32	static
E:/04_resource/03_DM02_MOTOR_MIT_N/03_DM02_MOTOR_MIT_N/User_File/1_Middleware/Algorithm/Matrix/alg_matrix.h:611:72:std::enable_if_t<(tmp_column == 1), Class_Matrix_f32<tmp_row, 1> > Class_Matrix_f32<row, column>::Get_Normalization() const [with int tmp_row = 4; int tmp_column = 1; int row = 4; int column = 1]	32	static
E:/04_resource/03_DM02_MOTOR_MIT_N/03_DM02_MOTOR_MIT_N/User_File/1_Middleware/Algorithm/Matrix/alg_matrix.h:76:36:Class_Matrix_f32<row, column>& Class_Matrix_f32<row, column>::operator=(Class_Matrix_f32<row, column>&&) [with int row = 4; int column = 1]	16	static
E:/04_resource/03_DM02_MOTOR_MIT_N/03_DM02_MOTOR_MIT_N/User_File/1_Middleware/Algorithm/Matrix/alg_matrix.h:678:31:Class_Matrix_f32<row, column> Namespace_ALG_Matrix::Zero() [with int row = 3; int column = 1]	16	static
E:/04_resource/03_DM02_MOTOR_MIT_N/03_DM02_MOTOR_MIT_N/User_File/1_Middleware/Algorithm/Filter/EKF/alg_filter_ekf.h:136:6:void Class_Filter_EKF<State_Dimension, Input_Dimension, Measurement_Dimension>::Init(const Class_Matrix_f32<Input_Dimension, Input_Dimension>&, const Class_Matrix_f32<Measurement_Dimension, Measurement_Dimension>&, const Class_Matrix_f32<State_Dimension, State_Dimension>&, const Class_Matrix_f32<State_Dimension, 1>&, const Class_Matrix_f32<Input_Dimension, 1>&) [with long unsigned int State_Dimension = 4; long unsigned int Input_Dimension = 3; long unsigned int Measurement_Dimension = 3]	24	static
E:/04_resource/03_DM02_MOTOR_MIT_N/03_DM02_MOTOR_MIT_N/User_File/1_Middleware/Algorithm/Filter/EKF/alg_filter_ekf.h:157:13:void Class_Filter_EKF<State_Dimension, Input_Dimension, Measurement_Dimension>::Config_Nonlinear_State_Model(Class_Matrix_f32<State_Dimension, 1> (*)(const Class_Matrix_f32<State_Dimension, 1>&, const Class_Matrix_f32<Input_Dimension, 1>&, const float&), Class_Matrix_f32<State_Dimension, State_Dimension> (*)(const Class_Matrix_f32<State_Dimension, 1>&, const Class_Matrix_f32<Input_Dimension, 1>&, const float&), Class_Matrix_f32<State_Dimension, Input_Dimension> (*)(const Class_Matrix_f32<State_Dimension, 1>&, const Class_Matrix_f32<Input_Dimension, 1>&, const float&)) [with long unsigned int State_Dimension = 4; long unsigned int Input_Dimension = 3; long unsigned int Measurement_Dimension = 3]	24	static
E:/04_resource/03_DM02_MOTOR_MIT_N/03_DM02_MOTOR_MIT_N/User_File/1_Middleware/Algorithm/Filter/EKF/alg_filter_ekf.h:185:13:void Class_Filter_EKF<State_Dimension, Input_Dimension, Measurement_Dimension>::Config_Nonlinear_Measurement_Model(Class_Matrix_f32<Measurement_Dimension, 1> (*)(const Class_Matrix_f32<State_Dimension, 1>&, const float&), Class_Matrix_f32<Measurement_Dimension, State_Dimension> (*)(const Class_Matrix_f32<State_Dimension, 1>&, const float&), Class_Matrix_f32<Measurement_Dimension, Measurement_Dimension> (*)(const Class_Matrix_f32<State_Dimension, 1>&, const float&)) [with long unsigned int State_Dimension = 4; long unsigned int Input_Dimension = 3; long unsigned int Measurement_Dimension = 3]	24	static
E:/04_resource/03_DM02_MOTOR_MIT_N/03_DM02_MOTOR_MIT_N/User_File/1_Middleware/Algorithm/Filter/EKF/alg_filter_ekf.h:197:6:void Class_Filter_EKF<State_Dimension, Input_Dimension, Measurement_Dimension>::Set_D_T(const float&) [with long unsigned int State_Dimension = 4; long unsigned int Input_Dimension = 3; long unsigned int Measurement_Dimension = 3]	16	static
E:/04_resource/03_DM02_MOTOR_MIT_N/03_DM02_MOTOR_MIT_N/User_File/1_Middleware/Algorithm/Filter/EKF/alg_filter_ekf.h:210:6:void Class_Filter_EKF<State_Dimension, Input_Dimension, Measurement_Dimension>::TIM_Predict_PeriodElapsedCallback() [with long unsigned int State_Dimension = 4; long unsigned int Input_Dimension = 3; long unsigned int Measurement_Dimension = 3]	568	static
E:/04_resource/03_DM02_MOTOR_MIT_N/03_DM02_MOTOR_MIT_N/User_File/1_Middleware/Algorithm/Filter/EKF/alg_filter_ekf.h:235:6:void Class_Filter_EKF<State_Dimension, Input_Dimension, Measurement_Dimension>::TIM_Update_PeriodElapsedCallback() [with long unsigned int State_Dimension = 4; long unsigned int Input_Dimension = 3; long unsigned int Measurement_Dimension = 3]	1304	static
E:/04_resource/03_DM02_MOTOR_MIT_N/03_DM02_MOTOR_MIT_N/User_File/1_Middleware/Algorithm/Matrix/alg_matrix.h:66:36:Class_Matrix_f32<row, column>& Class_Matrix_f32<row, column>::operator=(const Class_Matrix_f32<row, column>&) [with int row = 4; int column = 1]	16	static
E:/04_resource/03_DM02_MOTOR_MIT_N/03_DM02_MOTOR_MIT_N/User_File/1_Middleware/Algorithm/Matrix/alg_matrix.h:76:36:Class_Matrix_f32<row, column>& Class_Matrix_f32<row, column>::operator=(Class_Matrix_f32<row, column>&&) [with int row = 3; int column = 3]	16	static
E:/04_resource/03_DM02_MOTOR_MIT_N/03_DM02_MOTOR_MIT_N/User_File/1_Middleware/Algorithm/Matrix/alg_matrix.h:414:38:Class_Matrix_f32<column, row> Class_Matrix_f32<row, column>::Get_Transpose() const [with int row = 3; int column = 3]	32	static
E:/04_resource/03_DM02_MOTOR_MIT_N/03_DM02_MOTOR_MIT_N/User_File/1_Middleware/Algorithm/Matrix/alg_matrix.h:117:42:Class_Matrix_f32<row, column> Class_Matrix_f32<row, column>::operator-() const [with int row = 3; int column = 1]	24	static
E:/04_resource/03_DM02_MOTOR_MIT_N/03_DM02_MOTOR_MIT_N/User_File/1_Middleware/Algorithm/Matrix/alg_matrix.h:87:25:const float* Class_Matrix_f32<row, column>::operator[](const int&) const [with int row = 3; int column = 1]	16	static
E:/04_resource/03_DM02_MOTOR_MIT_N/03_DM02_MOTOR_MIT_N/User_File/1_Middleware/Algorithm/Matrix/alg_matrix.h:157:49:Class_Matrix_f32<4, 4> operator*(const float&, const Class_Matrix_f32<4, 4>&)	32	static
E:/04_resource/03_DM02_MOTOR_MIT_N/03_DM02_MOTOR_MIT_N/User_File/1_Middleware/Algorithm/Matrix/alg_matrix.h:168:39:Class_Matrix_f32<row, tmp> Class_Matrix_f32<row, column>::operator*(const Class_Matrix_f32<column, tmp>&) [with int tmp = 1; int row = 4; int column = 4]	48	static
E:/04_resource/03_DM02_MOTOR_MIT_N/03_DM02_MOTOR_MIT_N/User_File/1_Middleware/Algorithm/Matrix/alg_matrix.h:107:42:Class_Matrix_f32<row, column> Class_Matrix_f32<row, column>::operator+(const Class_Matrix_f32<row, column>&) const [with int row = 4; int column = 1]	32	static
E:/04_resource/03_DM02_MOTOR_MIT_N/03_DM02_MOTOR_MIT_N/User_File/1_Middleware/Algorithm/Matrix/alg_matrix.h:107:42:Class_Matrix_f32<row, column> Class_Matrix_f32<row, column>::operator+(const Class_Matrix_f32<row, column>&) const [with int row = 4; int column = 4]	32	static
E:/04_resource/03_DM02_MOTOR_MIT_N/03_DM02_MOTOR_MIT_N/User_File/1_Middleware/Algorithm/Matrix/alg_matrix.h:76:36:Class_Matrix_f32<row, column>& Class_Matrix_f32<row, column>::operator=(Class_Matrix_f32<row, column>&&) [with int row = 4; int column = 4]	16	static
E:/04_resource/03_DM02_MOTOR_MIT_N/03_DM02_MOTOR_MIT_N/User_File/1_Middleware/Algorithm/Matrix/alg_matrix.h:82:19:float* Class_Matrix_f32<row, column>::operator[](const int&) [with int row = 4; int column = 3]	16	static
E:/04_resource/03_DM02_MOTOR_MIT_N/03_DM02_MOTOR_MIT_N/User_File/1_Middleware/Algorithm/Matrix/alg_matrix.h:87:25:const float* Class_Matrix_f32<row, column>::operator[](const int&) const [with int row = 4; int column = 1]	16	static
E:/04_resource/03_DM02_MOTOR_MIT_N/03_DM02_MOTOR_MIT_N/User_File/1_Middleware/Algorithm/Matrix/alg_matrix.h:157:49:Class_Matrix_f32<4, 3> operator*(const float&, const Class_Matrix_f32<4, 3>&)	32	static
E:/04_resource/03_DM02_MOTOR_MIT_N/03_DM02_MOTOR_MIT_N/User_File/1_Middleware/Algorithm/Matrix/alg_matrix.h:76:36:Class_Matrix_f32<row, column>& Class_Matrix_f32<row, column>::operator=(Class_Matrix_f32<row, column>&&) [with int row = 4; int column = 3]	16	static
E:/04_resource/03_DM02_MOTOR_MIT_N/03_DM02_MOTOR_MIT_N/User_File/1_Middleware/Algorithm/Matrix/alg_matrix.h:37:5:Class_Matrix_f32<row, column>::Class_Matrix_f32() [with int row = 3; int column = 4]	24	static
E:/04_resource/03_DM02_MOTOR_MIT_N/03_DM02_MOTOR_MIT_N/User_File/1_Middleware/Algorithm/Matrix/alg_matrix.h:82:19:float* Class_Matrix_f32<row, column>::operator[](const int&) [with int row = 3; int column = 4]	16	static
E:/04_resource/03_DM02_MOTOR_MIT_N/03_DM02_MOTOR_MIT_N/User_File/1_Middleware/Algorithm/Matrix/alg_matrix.h:137:42:Class_Matrix_f32<row, column> Class_Matrix_f32<row, column>::operator-(const Class_Matrix_f32<row, column>&) const [with int row = 3; int column = 1]	32	static
E:/04_resource/03_DM02_MOTOR_MIT_N/03_DM02_MOTOR_MIT_N/User_File/1_Middleware/Algorithm/Matrix/alg_matrix.h:76:36:Class_Matrix_f32<row, column>& Class_Matrix_f32<row, column>::operator=(Class_Matrix_f32<row, column>&&) [with int row = 3; int column = 4]	16	static
E:/04_resource/03_DM02_MOTOR_MIT_N/03_DM02_MOTOR_MIT_N/User_File/1_Middleware/Algorithm/Matrix/alg_matrix.h:168:39:Class_Matrix_f32<row, tmp> Class_Matrix_f32<row, column>::operator*(const Class_Matrix_f32<column, tmp>&) [with int tmp = 4; int row = 3; int column = 4]	48	static
E:/04_resource/03_DM02_MOTOR_MIT_N/03_DM02_MOTOR_MIT_N/User_File/1_Middleware/Algorithm/Matrix/alg_matrix.h:414:38:Class_Matrix_f32<column, row> Class_Matrix_f32<row, column>::Get_Transpose() const [with int row = 3; int column = 4]	32	static
E:/04_resource/03_DM02_MOTOR_MIT_N/03_DM02_MOTOR_MIT_N/User_File/1_Middleware/Algorithm/Matrix/alg_matrix.h:168:39:Class_Matrix_f32<row, tmp> Class_Matrix_f32<row, column>::operator*(const Class_Matrix_f32<column, tmp>&) [with int tmp = 3; int row = 3; int column = 4]	48	static
E:/04_resource/03_DM02_MOTOR_MIT_N/03_DM02_MOTOR_MIT_N/User_File/1_Middleware/Algorithm/Matrix/alg_matrix.h:107:42:Class_Matrix_f32<row, column> Class_Matrix_f32<row, column>::operator+(const Class_Matrix_f32<row, column>&) const [with int row = 3; int column = 3]	32	static
E:/04_resource/03_DM02_MOTOR_MIT_N/03_DM02_MOTOR_MIT_N/User_File/1_Middleware/Algorithm/Matrix/alg_matrix.h:414:38:Class_Matrix_f32<column, row> Class_Matrix_f32<row, column>::Get_Transpose() const [with int row = 3; int column = 1]	32	static
E:/04_resource/03_DM02_MOTOR_MIT_N/03_DM02_MOTOR_MIT_N/User_File/1_Middleware/Algorithm/Matrix/alg_matrix.h:497:84:std::enable_if_t<(tmp_row == tmp_column), Class_Matrix_f32<tmp_row, tmp_row> > Class_Matrix_f32<row, column>::Get_Inverse() const [with int tmp_row = 3; int tmp_column = 3; int row = 3; int column = 3]	224	static
E:/04_resource/03_DM02_MOTOR_MIT_N/03_DM02_MOTOR_MIT_N/User_File/1_Middleware/Algorithm/Matrix/alg_matrix.h:168:39:Class_Matrix_f32<row, tmp> Class_Matrix_f32<row, column>::operator*(const Class_Matrix_f32<column, tmp>&) [with int tmp = 3; int row = 1; int column = 3]	48	static
E:/04_resource/03_DM02_MOTOR_MIT_N/03_DM02_MOTOR_MIT_N/User_File/1_Middleware/Algorithm/Matrix/alg_matrix.h:168:39:Class_Matrix_f32<row, tmp> Class_Matrix_f32<row, column>::operator*(const Class_Matrix_f32<column, tmp>&) [with int tmp = 1; int row = 1; int column = 3]	48	static
E:/04_resource/03_DM02_MOTOR_MIT_N/03_DM02_MOTOR_MIT_N/User_File/1_Middleware/Algorithm/Matrix/alg_matrix.h:82:19:float* Class_Matrix_f32<row, column>::operator[](const int&) [with int row = 1; int column = 1]	16	static
E:/04_resource/03_DM02_MOTOR_MIT_N/03_DM02_MOTOR_MIT_N/User_File/1_Middleware/Algorithm/Matrix/alg_matrix.h:66:36:Class_Matrix_f32<row, column>& Class_Matrix_f32<row, column>::operator=(const Class_Matrix_f32<row, column>&) [with int row = 3; int column = 3]	16	static
E:/04_resource/03_DM02_MOTOR_MIT_N/03_DM02_MOTOR_MIT_N/User_File/1_Middleware/Algorithm/Matrix/alg_matrix.h:66:36:Class_Matrix_f32<row, column>& Class_Matrix_f32<row, column>::operator=(const Class_Matrix_f32<row, column>&) [with int row = 4; int column = 4]	16	static
E:/04_resource/03_DM02_MOTOR_MIT_N/03_DM02_MOTOR_MIT_N/User_File/1_Middleware/Algorithm/Matrix/alg_matrix.h:168:39:Class_Matrix_f32<row, tmp> Class_Matrix_f32<row, column>::operator*(const Class_Matrix_f32<column, tmp>&) [with int tmp = 4; int row = 4; int column = 4]	48	static
E:/04_resource/03_DM02_MOTOR_MIT_N/03_DM02_MOTOR_MIT_N/User_File/1_Middleware/Algorithm/Matrix/alg_matrix.h:414:38:Class_Matrix_f32<column, row> Class_Matrix_f32<row, column>::Get_Transpose() const [with int row = 4; int column = 4]	32	static
E:/04_resource/03_DM02_MOTOR_MIT_N/03_DM02_MOTOR_MIT_N/User_File/1_Middleware/Algorithm/Matrix/alg_matrix.h:168:39:Class_Matrix_f32<row, tmp> Class_Matrix_f32<row, column>::operator*(const Class_Matrix_f32<column, tmp>&) [with int tmp = 3; int row = 4; int column = 3]	48	static
E:/04_resource/03_DM02_MOTOR_MIT_N/03_DM02_MOTOR_MIT_N/User_File/1_Middleware/Algorithm/Matrix/alg_matrix.h:414:38:Class_Matrix_f32<column, row> Class_Matrix_f32<row, column>::Get_Transpose() const [with int row = 4; int column = 3]	32	static
E:/04_resource/03_DM02_MOTOR_MIT_N/03_DM02_MOTOR_MIT_N/User_File/1_Middleware/Algorithm/Matrix/alg_matrix.h:168:39:Class_Matrix_f32<row, tmp> Class_Matrix_f32<row, column>::operator*(const Class_Matrix_f32<column, tmp>&) [with int tmp = 4; int row = 4; int column = 3]	48	static
E:/04_resource/03_DM02_MOTOR_MIT_N/03_DM02_MOTOR_MIT_N/User_File/1_Middleware/Algorithm/Matrix/alg_matrix.h:168:39:Class_Matrix_f32<row, tmp> Class_Matrix_f32<row, column>::operator*(const Class_Matrix_f32<column, tmp>&) [with int tmp = 3; int row = 4; int column = 4]	48	static
E:/04_resource/03_DM02_MOTOR_MIT_N/03_DM02_MOTOR_MIT_N/User_File/1_Middleware/Algorithm/Matrix/alg_matrix.h:168:39:Class_Matrix_f32<row, tmp> Class_Matrix_f32<row, column>::operator*(const Class_Matrix_f32<column, tmp>&) [with int tmp = 3; int row = 3; int column = 3]	48	static
E:/04_resource/03_DM02_MOTOR_MIT_N/03_DM02_MOTOR_MIT_N/User_File/1_Middleware/Algorithm/Matrix/alg_matrix.h:168:39:Class_Matrix_f32<row, tmp> Class_Matrix_f32<row, column>::operator*(const Class_Matrix_f32<column, tmp>&) [with int tmp = 1; int row = 4; int column = 3]	48	static
E:/04_resource/03_DM02_MOTOR_MIT_N/03_DM02_MOTOR_MIT_N/User_File/1_Middleware/Algorithm/Matrix/alg_matrix.h:137:42:Class_Matrix_f32<row, column> Class_Matrix_f32<row, column>::operator-(const Class_Matrix_f32<row, column>&) const [with int row = 4; int column = 4]	32	static
E:/04_resource/03_DM02_MOTOR_MIT_N/03_DM02_MOTOR_MIT_N/User_File/1_Middleware/Algorithm/Matrix/alg_matrix.h:37:5:Class_Matrix_f32<row, column>::Class_Matrix_f32() [with int row = 1; int column = 3]	24	static
E:/04_resource/03_DM02_MOTOR_MIT_N/03_DM02_MOTOR_MIT_N/User_File/1_Middleware/Algorithm/Matrix/alg_matrix.h:82:19:float* Class_Matrix_f32<row, column>::operator[](const int&) [with int row = 1; int column = 3]	16	static
E:/04_resource/03_DM02_MOTOR_MIT_N/03_DM02_MOTOR_MIT_N/User_File/1_Middleware/Algorithm/Matrix/alg_matrix.h:678:31:Class_Matrix_f32<row, column> Namespace_ALG_Matrix::Zero() [with int row = 3; int column = 6]	16	static
E:/04_resource/03_DM02_MOTOR_MIT_N/03_DM02_MOTOR_MIT_N/User_File/1_Middleware/Algorithm/Matrix/alg_matrix.h:82:19:float* Class_Matrix_f32<row, column>::operator[](const int&) [with int row = 3; int column = 6]	16	static
E:/04_resource/03_DM02_MOTOR_MIT_N/03_DM02_MOTOR_MIT_N/User_File/1_Middleware/Algorithm/Matrix/alg_matrix.h:37:5:Class_Matrix_f32<row, column>::Class_Matrix_f32() [with int row = 1; int column = 1]	24	static
E:/04_resource/03_DM02_MOTOR_MIT_N/03_DM02_MOTOR_MIT_N/User_File/1_Middleware/Algorithm/Matrix/alg_matrix.h:37:5:Class_Matrix_f32<row, column>::Class_Matrix_f32() [with int row = 3; int column = 6]	24	static
E:/04_resource/03_DM02_MOTOR_MIT_N/03_DM02_MOTOR_MIT_N/User_File/2_Device/BSP/BMI088/bsp_bmi088.cpp:479:1:void __static_initialization_and_destruction_0()	8	static
E:/04_resource/03_DM02_MOTOR_MIT_N/03_DM02_MOTOR_MIT_N/User_File/2_Device/BSP/BMI088/bsp_bmi088.cpp:479:1:cpp)	8	static
