E:/04_resource/03_DM02_MOTOR_MIT_N/03_DM02_MOTOR_MIT_N/User_File/2_Device/BSP/WS2812/bsp_ws2812.h:38:7:Class_WS2812::Class_WS2812()	16	static
E:/04_resource/03_DM02_MOTOR_MIT_N/03_DM02_MOTOR_MIT_N/User_File/2_Device/BSP/WS2812/bsp_ws2812.cpp:54:6:void Class_WS2812::Init(const uint8_t&, const uint8_t&, const uint8_t&)	24	static
E:/04_resource/03_DM02_MOTOR_MIT_N/03_DM02_MOTOR_MIT_N/User_File/2_Device/BSP/WS2812/bsp_ws2812.cpp:67:6:void Class_WS2812::TIM_10ms_Write_PeriodElapsedCallback() const	40	static
E:/04_resource/03_DM02_MOTOR_MIT_N/03_DM02_MOTOR_MIT_N/User_File/2_Device/BSP/WS2812/bsp_ws2812.cpp:81:1:void __static_initialization_and_destruction_0()	8	static
E:/04_resource/03_DM02_MOTOR_MIT_N/03_DM02_MOTOR_MIT_N/User_File/2_Device/BSP/WS2812/bsp_ws2812.cpp:81:1:cpp)	8	static
