E:/04_resource/03_DM02_MOTOR_MIT_N/03_DM02_MOTOR_MIT_N/Core/Src/main.c:88:5:main	8	static,ignoring_inline_asm
E:/04_resource/03_DM02_MOTOR_MIT_N/03_DM02_MOTOR_MIT_N/Core/Src/main.c:181:6:Task3600s_Callback	8	static
E:/04_resource/03_DM02_MOTOR_MIT_N/03_DM02_MOTOR_MIT_N/Core/Src/main.c:186:6:HAL_TIM_PeriodElapsedCallback	16	static
E:/04_resource/03_DM02_MOTOR_MIT_N/03_DM02_MOTOR_MIT_N/Core/Src/main.c:202:6:SystemClock_Config	120	static
E:/04_resource/03_DM02_MOTOR_MIT_N/03_DM02_MOTOR_MIT_N/Core/Src/main.c:263:6:PeriphCommonClock_Config	192	static
E:/04_resource/03_DM02_MOTOR_MIT_N/03_DM02_MOTOR_MIT_N/Core/Src/main.c:285:6:Error_Handler	4	static,ignoring_inline_asm
