E:/04_resource/03_DM02_MOTOR_MIT_N/03_DM02_MOTOR_MIT_N/Core/Src/stm32h7xx_it.c:102:6:NMI_Handler	4	static
E:/04_resource/03_DM02_MOTOR_MIT_N/03_DM02_MOTOR_MIT_N/Core/Src/stm32h7xx_it.c:117:6:HardFault_Handler	4	static
E:/04_resource/03_DM02_MOTOR_MIT_N/03_DM02_MOTOR_MIT_N/Core/Src/stm32h7xx_it.c:132:6:MemManage_Handler	4	static
E:/04_resource/03_DM02_MOTOR_MIT_N/03_DM02_MOTOR_MIT_N/Core/Src/stm32h7xx_it.c:147:6:BusFault_Handler	4	static
E:/04_resource/03_DM02_MOTOR_MIT_N/03_DM02_MOTOR_MIT_N/Core/Src/stm32h7xx_it.c:162:6:UsageFault_Handler	4	static
E:/04_resource/03_DM02_MOTOR_MIT_N/03_DM02_MOTOR_MIT_N/Core/Src/stm32h7xx_it.c:177:6:DebugMon_Handler	4	static
E:/04_resource/03_DM02_MOTOR_MIT_N/03_DM02_MOTOR_MIT_N/Core/Src/stm32h7xx_it.c:190:6:SysTick_Handler	8	static
E:/04_resource/03_DM02_MOTOR_MIT_N/03_DM02_MOTOR_MIT_N/Core/Src/stm32h7xx_it.c:219:6:DMA1_Stream0_IRQHandler	8	static
E:/04_resource/03_DM02_MOTOR_MIT_N/03_DM02_MOTOR_MIT_N/Core/Src/stm32h7xx_it.c:233:6:DMA1_Stream1_IRQHandler	8	static
E:/04_resource/03_DM02_MOTOR_MIT_N/03_DM02_MOTOR_MIT_N/Core/Src/stm32h7xx_it.c:247:6:DMA1_Stream2_IRQHandler	8	static
E:/04_resource/03_DM02_MOTOR_MIT_N/03_DM02_MOTOR_MIT_N/Core/Src/stm32h7xx_it.c:261:6:DMA1_Stream3_IRQHandler	8	static
E:/04_resource/03_DM02_MOTOR_MIT_N/03_DM02_MOTOR_MIT_N/Core/Src/stm32h7xx_it.c:275:6:DMA1_Stream4_IRQHandler	8	static
E:/04_resource/03_DM02_MOTOR_MIT_N/03_DM02_MOTOR_MIT_N/Core/Src/stm32h7xx_it.c:289:6:DMA1_Stream5_IRQHandler	8	static
E:/04_resource/03_DM02_MOTOR_MIT_N/03_DM02_MOTOR_MIT_N/Core/Src/stm32h7xx_it.c:303:6:DMA1_Stream6_IRQHandler	8	static
E:/04_resource/03_DM02_MOTOR_MIT_N/03_DM02_MOTOR_MIT_N/Core/Src/stm32h7xx_it.c:317:6:FDCAN1_IT0_IRQHandler	8	static
E:/04_resource/03_DM02_MOTOR_MIT_N/03_DM02_MOTOR_MIT_N/Core/Src/stm32h7xx_it.c:331:6:FDCAN2_IT0_IRQHandler	8	static
E:/04_resource/03_DM02_MOTOR_MIT_N/03_DM02_MOTOR_MIT_N/Core/Src/stm32h7xx_it.c:345:6:FDCAN1_IT1_IRQHandler	8	static
E:/04_resource/03_DM02_MOTOR_MIT_N/03_DM02_MOTOR_MIT_N/Core/Src/stm32h7xx_it.c:359:6:FDCAN2_IT1_IRQHandler	8	static
E:/04_resource/03_DM02_MOTOR_MIT_N/03_DM02_MOTOR_MIT_N/Core/Src/stm32h7xx_it.c:373:6:TIM4_IRQHandler	8	static
E:/04_resource/03_DM02_MOTOR_MIT_N/03_DM02_MOTOR_MIT_N/Core/Src/stm32h7xx_it.c:387:6:SPI2_IRQHandler	8	static
E:/04_resource/03_DM02_MOTOR_MIT_N/03_DM02_MOTOR_MIT_N/Core/Src/stm32h7xx_it.c:401:6:USART1_IRQHandler	8	static
E:/04_resource/03_DM02_MOTOR_MIT_N/03_DM02_MOTOR_MIT_N/Core/Src/stm32h7xx_it.c:415:6:USART2_IRQHandler	8	static
E:/04_resource/03_DM02_MOTOR_MIT_N/03_DM02_MOTOR_MIT_N/Core/Src/stm32h7xx_it.c:429:6:USART3_IRQHandler	8	static
E:/04_resource/03_DM02_MOTOR_MIT_N/03_DM02_MOTOR_MIT_N/Core/Src/stm32h7xx_it.c:443:6:EXTI15_10_IRQHandler	8	static
E:/04_resource/03_DM02_MOTOR_MIT_N/03_DM02_MOTOR_MIT_N/Core/Src/stm32h7xx_it.c:458:6:TIM8_UP_TIM13_IRQHandler	8	static
E:/04_resource/03_DM02_MOTOR_MIT_N/03_DM02_MOTOR_MIT_N/Core/Src/stm32h7xx_it.c:472:6:DMA1_Stream7_IRQHandler	8	static
E:/04_resource/03_DM02_MOTOR_MIT_N/03_DM02_MOTOR_MIT_N/Core/Src/stm32h7xx_it.c:486:6:TIM5_IRQHandler	8	static
E:/04_resource/03_DM02_MOTOR_MIT_N/03_DM02_MOTOR_MIT_N/Core/Src/stm32h7xx_it.c:500:6:UART5_IRQHandler	8	static
E:/04_resource/03_DM02_MOTOR_MIT_N/03_DM02_MOTOR_MIT_N/Core/Src/stm32h7xx_it.c:514:6:TIM6_DAC_IRQHandler	8	static
E:/04_resource/03_DM02_MOTOR_MIT_N/03_DM02_MOTOR_MIT_N/Core/Src/stm32h7xx_it.c:528:6:TIM7_IRQHandler	8	static
E:/04_resource/03_DM02_MOTOR_MIT_N/03_DM02_MOTOR_MIT_N/Core/Src/stm32h7xx_it.c:542:6:DMA2_Stream0_IRQHandler	8	static
E:/04_resource/03_DM02_MOTOR_MIT_N/03_DM02_MOTOR_MIT_N/Core/Src/stm32h7xx_it.c:556:6:DMA2_Stream1_IRQHandler	8	static
E:/04_resource/03_DM02_MOTOR_MIT_N/03_DM02_MOTOR_MIT_N/Core/Src/stm32h7xx_it.c:570:6:DMA2_Stream2_IRQHandler	8	static
E:/04_resource/03_DM02_MOTOR_MIT_N/03_DM02_MOTOR_MIT_N/Core/Src/stm32h7xx_it.c:584:6:DMA2_Stream3_IRQHandler	8	static
E:/04_resource/03_DM02_MOTOR_MIT_N/03_DM02_MOTOR_MIT_N/Core/Src/stm32h7xx_it.c:598:6:DMA2_Stream4_IRQHandler	8	static
E:/04_resource/03_DM02_MOTOR_MIT_N/03_DM02_MOTOR_MIT_N/Core/Src/stm32h7xx_it.c:612:6:DMA2_Stream5_IRQHandler	8	static
E:/04_resource/03_DM02_MOTOR_MIT_N/03_DM02_MOTOR_MIT_N/Core/Src/stm32h7xx_it.c:626:6:OTG_HS_IRQHandler	8	static
E:/04_resource/03_DM02_MOTOR_MIT_N/03_DM02_MOTOR_MIT_N/Core/Src/stm32h7xx_it.c:640:6:UART7_IRQHandler	8	static
E:/04_resource/03_DM02_MOTOR_MIT_N/03_DM02_MOTOR_MIT_N/Core/Src/stm32h7xx_it.c:654:6:MDMA_IRQHandler	8	static
E:/04_resource/03_DM02_MOTOR_MIT_N/03_DM02_MOTOR_MIT_N/Core/Src/stm32h7xx_it.c:668:6:OCTOSPI2_IRQHandler	8	static
E:/04_resource/03_DM02_MOTOR_MIT_N/03_DM02_MOTOR_MIT_N/Core/Src/stm32h7xx_it.c:682:6:USART10_IRQHandler	8	static
E:/04_resource/03_DM02_MOTOR_MIT_N/03_DM02_MOTOR_MIT_N/Core/Src/stm32h7xx_it.c:696:6:FDCAN3_IT0_IRQHandler	8	static
E:/04_resource/03_DM02_MOTOR_MIT_N/03_DM02_MOTOR_MIT_N/Core/Src/stm32h7xx_it.c:710:6:FDCAN3_IT1_IRQHandler	8	static
